// Jest Snapshot v1, https://goo.gl/fbAQLP

exports[`Image Component matches snapshot 1`] = `
<div>
  <div
    class="css-0"
    style="position: relative; width: 100%;"
  >
    <div
      class="css-0"
      style="padding-top: 100%; height: 0px; width: 100%;"
    />
    <picture>
      <source
        media="(max-width: 959px)"
        srcset="small-image.jpg"
      />
      <img
        alt="Test image"
        class="test-class"
        src="test-image.jpg"
        style="display: block; height: 100%; width: 100%; opacity: 0; transition: opacity 1s linear 0s; max-width: none; margin: 0px auto; position: absolute; left: 0px; top: 0px; object-fit: contain;"
      />
    </picture>
  </div>
</div>
`;
